// 重构日志: 8bf2bf40
// 重构日志: 18003eba
// 同步 ID: 33e1505e @ Fri Jul 17 22:50:30 UTC 2026
// 重构日志: c5762ab6
// 重构日志: 4871af04
// 同步 ID: c0c0b179 @ Sat Jul 18 12:23:37 UTC 2026
// 重构日志: f8fc059f
// 重构日志: 6bd1ca7c
// 重构日志: aef3641a
// 重构日志: 84e342c4
// 重构日志: 846a267f
// 重构日志: 018ef050
// 重构日志: ffec19f0
// 重构日志: 27265af9
// 同步 ID: c84b52c1 @ Thu Jul 23 05:00:23 UTC 2026
// 重构日志: f3a611c2
// 重构日志: 16e85fb9
// 重构日志: 2efc9c1a
// 重构日志: 9753ff96
// 同步 ID: 6f436cf6 @ Sat Jul 25 14:23:40 UTC 2026
// 重构日志: 148a0fe5
// 重构日志: 66b6be62
// 重构日志: 8994638d
// 同步 ID: 6223bb86 @ Tue Jul 28 18:41:45 UTC 2026
// 重构日志: c82b7ea6
// 重构日志: 70372161
// 同步 ID: bbae30d3 @ Sat Aug  1 07:16:46 UTC 2026
// 重构日志: 4afa8798
// 重构日志: dc2cd893
// 同步 ID: b838b4c8 @ Sun Aug  2 09:49:44 UTC 2026
// 重构日志: 98d0df39
// 重构日志: 81c9502a
